GowinSynthesis start
Running parser ...
Analyzing Verilog file 'C:\KY_8\EGG_FRESH\egg_fresh_v3\src\as7263_driver.sv'
Analyzing Verilog file 'C:\KY_8\EGG_FRESH\egg_fresh_v3\src\fifo.sv'
Analyzing Verilog file 'C:\KY_8\EGG_FRESH\egg_fresh_v3\src\led.sv'
Analyzing Verilog file 'C:\KY_8\EGG_FRESH\egg_fresh_v3\src\top.sv'
Analyzing Verilog file 'C:\KY_8\EGG_FRESH\egg_fresh_v3\src\uart_tx.sv'
Analyzing Verilog file 'C:\KY_8\EGG_FRESH\egg_fresh_v3\src\i2c_as7263.sv'
WARN  (EX3792) : Literal value 'd67 truncated to fit in 6 bits("C:\KY_8\EGG_FRESH\egg_fresh_v3\src\i2c_as7263.sv":32)
Compiling module 'top'("C:\KY_8\EGG_FRESH\egg_fresh_v3\src\top.sv":27)
Compiling module 'as7263_driver'("C:\KY_8\EGG_FRESH\egg_fresh_v3\src\as7263_driver.sv":29)
Compiling module 'i2c_as7263'("C:\KY_8\EGG_FRESH\egg_fresh_v3\src\i2c_as7263.sv":19)
WARN  (EX3791) : Expression size 7 truncated to fit in target size 6("C:\KY_8\EGG_FRESH\egg_fresh_v3\src\i2c_as7263.sv":40)
WARN  (EX3791) : Expression size 32 truncated to fit in target size 4("C:\KY_8\EGG_FRESH\egg_fresh_v3\src\i2c_as7263.sv":106)
WARN  (EX3791) : Expression size 32 truncated to fit in target size 4("C:\KY_8\EGG_FRESH\egg_fresh_v3\src\i2c_as7263.sv":136)
WARN  (EX3791) : Expression size 32 truncated to fit in target size 4("C:\KY_8\EGG_FRESH\egg_fresh_v3\src\i2c_as7263.sv":160)
WARN  (EX3791) : Expression size 26 truncated to fit in target size 25("C:\KY_8\EGG_FRESH\egg_fresh_v3\src\as7263_driver.sv":77)
WARN  (EX3791) : Expression size 26 truncated to fit in target size 25("C:\KY_8\EGG_FRESH\egg_fresh_v3\src\as7263_driver.sv":88)
WARN  (EX3791) : Expression size 7 truncated to fit in target size 6("C:\KY_8\EGG_FRESH\egg_fresh_v3\src\as7263_driver.sv":286)
WARN  (EX3791) : Expression size 5 truncated to fit in target size 4("C:\KY_8\EGG_FRESH\egg_fresh_v3\src\as7263_driver.sv":310)
WARN  (EX3791) : Expression size 7 truncated to fit in target size 6("C:\KY_8\EGG_FRESH\egg_fresh_v3\src\as7263_driver.sv":362)
Compiling module 'uart_tx'("C:\KY_8\EGG_FRESH\egg_fresh_v3\src\uart_tx.sv":9)
Compiling module 'fifo'("C:\KY_8\EGG_FRESH\egg_fresh_v3\src\fifo.sv":67)
Compiling module 'RAM_2Port(WIDTH=8)'("C:\KY_8\EGG_FRESH\egg_fresh_v3\src\fifo.sv":15)
Extracting RAM for identifier 'r_Mem'("C:\KY_8\EGG_FRESH\egg_fresh_v3\src\fifo.sv":30)
WARN  (EX3791) : Expression size 9 truncated to fit in target size 8("C:\KY_8\EGG_FRESH\egg_fresh_v3\src\fifo.sv":123)
WARN  (EX3791) : Expression size 9 truncated to fit in target size 8("C:\KY_8\EGG_FRESH\egg_fresh_v3\src\fifo.sv":132)
WARN  (EX3791) : Expression size 32 truncated to fit in target size 9("C:\KY_8\EGG_FRESH\egg_fresh_v3\src\fifo.sv":141)
WARN  (EX3791) : Expression size 10 truncated to fit in target size 9("C:\KY_8\EGG_FRESH\egg_fresh_v3\src\fifo.sv":149)
Compiling module 'led'("C:\KY_8\EGG_FRESH\egg_fresh_v3\src\led.sv":13)
NOTE  (EX0101) : Current top module is "top"
[5%] Running netlist conversion ...
Running device independent optimization ...
[10%] Optimizing Phase 0 completed
[15%] Optimizing Phase 1 completed
[25%] Optimizing Phase 2 completed
Running inference ...
[30%] Inferring Phase 0 completed
[40%] Inferring Phase 1 completed
[50%] Inferring Phase 2 completed
[55%] Inferring Phase 3 completed
Running technical mapping ...
[60%] Tech-Mapping Phase 0 completed
[65%] Tech-Mapping Phase 1 completed
[75%] Tech-Mapping Phase 2 completed
[80%] Tech-Mapping Phase 3 completed
[90%] Tech-Mapping Phase 4 completed
[95%] Generate netlist file "C:\KY_8\EGG_FRESH\egg_fresh_v3\impl\gwsynthesis\egg_fresh_v3.vg" completed
[100%] Generate report file "C:\KY_8\EGG_FRESH\egg_fresh_v3\impl\gwsynthesis\egg_fresh_v3_syn.rpt.html" completed
GowinSynthesis finish
