Reading netlist file: "C:\KY_8\EGG_FRESH\egg_fresh_v2\impl\gwsynthesis\egg_fresh_v2.vg"
Parsing netlist file "C:\KY_8\EGG_FRESH\egg_fresh_v2\impl\gwsynthesis\egg_fresh_v2.vg" completed
Processing netlist completed
Reading constraint file: "C:\KY_8\EGG_FRESH\egg_fresh_v2\src\tang_nano_20k.cst"
Physical Constraint parsed completed
Running placement......
[10%] Placement Phase 0 completed
[20%] Placement Phase 1 completed
[30%] Placement Phase 2 completed
[50%] Placement Phase 3 completed
Running routing......
[60%] Routing Phase 0 completed
[70%] Routing Phase 1 completed
[80%] Routing Phase 2 completed
WARN  (PR1014) : Generic routing resource will be used to clock signal 'sys_clk_d' by the specified constraint. And then it may lead to the excessive delay or skew
[90%] Routing Phase 3 completed
Running timing analysis......
[95%] Timing analysis completed
Placement and routing completed
Bitstream generation in progress......
Bitstream generation completed
Running power analysis......
[100%] Power analysis completed
Generate file "C:\KY_8\EGG_FRESH\egg_fresh_v2\impl\pnr\egg_fresh_v2.power.html" completed
Generate file "C:\KY_8\EGG_FRESH\egg_fresh_v2\impl\pnr\egg_fresh_v2.pin.html" completed
Generate file "C:\KY_8\EGG_FRESH\egg_fresh_v2\impl\pnr\egg_fresh_v2.rpt.html" completed
Generate file "C:\KY_8\EGG_FRESH\egg_fresh_v2\impl\pnr\egg_fresh_v2.rpt.txt" completed
Generate file "C:\KY_8\EGG_FRESH\egg_fresh_v2\impl\pnr\egg_fresh_v2.tr.html" completed
Fri May  1 19:36:26 2026

