GowinSynthesis start
Running parser ...
Analyzing Verilog file 'C:\KY_8\EGG_FRESH\egg_fresh_v1\src\top.sv'
Analyzing Verilog file 'C:\KY_8\EGG_FRESH\egg_fresh_v1\src\as7263_driver.sv'
Analyzing Verilog file 'C:\KY_8\EGG_FRESH\egg_fresh_v1\src\uart_tx.sv'
Analyzing Verilog file 'C:\KY_8\EGG_FRESH\egg_fresh_v1\src\led.sv'
Analyzing Verilog file 'C:\KY_8\EGG_FRESH\egg_fresh_v1\src\fifo.sv'
Analyzing Verilog file 'C:\KY_8\EGG_FRESH\egg_fresh_v1\src\cycle_timer.sv'
Analyzing Verilog file 'C:\KY_8\EGG_FRESH\egg_fresh_v1\src\glitch_filter.sv'
Analyzing Verilog file 'C:\KY_8\EGG_FRESH\egg_fresh_v1\src\i2c_master.sv'
Analyzing Verilog file 'C:\KY_8\EGG_FRESH\egg_fresh_v1\src\sync_reset.sv'
Compiling module 'sync_reset'("C:\KY_8\EGG_FRESH\egg_fresh_v1\src\sync_reset.sv":6)
NOTE  (EX0101) : Current top module is "sync_reset"
[5%] Running netlist conversion ...
Running device independent optimization ...
[10%] Optimizing Phase 0 completed
[15%] Optimizing Phase 1 completed
[25%] Optimizing Phase 2 completed
Running inference ...
[30%] Inferring Phase 0 completed
[40%] Inferring Phase 1 completed
[50%] Inferring Phase 2 completed
[55%] Inferring Phase 3 completed
Running technical mapping ...
[60%] Tech-Mapping Phase 0 completed
[65%] Tech-Mapping Phase 1 completed
[75%] Tech-Mapping Phase 2 completed
[80%] Tech-Mapping Phase 3 completed
[90%] Tech-Mapping Phase 4 completed
[95%] Generate netlist file "C:\KY_8\EGG_FRESH\egg_fresh_v1\impl\gwsynthesis\egg_fresh_v1.vg" completed
[100%] Generate report file "C:\KY_8\EGG_FRESH\egg_fresh_v1\impl\gwsynthesis\egg_fresh_v1_syn.rpt.html" completed
GowinSynthesis finish
